// Jest Snapshot v1, https://goo.gl/fbAQLP

exports[`should render and MatchSnapshot 1`] = `
<DocumentFragment>
  <footer
    class="sc-bczRLJ dWMZnY"
  >
    Challenge by 
    <a
      href="https://www.frontendmentor.io?ref=challenge"
      rel="noreferrer"
      target="_blank"
    >
      Frontend Mentor
    </a>
    . Coded by 
    <a
      href="https://www.abizmo.dev"
    >
      Abi√°n Izquierdo
    </a>
    .
  </footer>
</DocumentFragment>
`;
